// Jest Snapshot v1, https://goo.gl/fbAQLP

exports[`MoviesCategories Snapshot renders 1`] = `
Array [
  <div
    className="moviesGrid_categories"
  >
    <div
      className="moviesGrid_categories_item"
    >
      <a
        href="/films?sort=Trending"
        onClick={[Function]}
      >
        <button
          className="active moviesGrid_categories_item_button"
          data-filter="Trending"
          onClick={[Function]}
          type="button"
        >
          Trending
        </button>
      </a>
    </div>
    <div
      className="moviesGrid_categories_item"
    >
      <a
        href="/films?sort=Top Rated"
        onClick={[Function]}
      >
        <button
          className=" moviesGrid_categories_item_button"
          data-filter="Top Rated"
          onClick={[Function]}
          type="button"
        >
          Top Rated
        </button>
      </a>
    </div>
    <div
      className="moviesGrid_categories_item"
    >
      <a
        href="/films?sort=Coming Soon"
        onClick={[Function]}
      >
        <button
          className=" moviesGrid_categories_item_button"
          data-filter="Coming Soon"
          onClick={[Function]}
          type="button"
        >
          Coming Soon
        </button>
      </a>
    </div>
    <div
      className="moviesGrid_categories_item"
    >
      <div>
        test
      </div>
    </div>
  </div>,
  <div
    className="underLine"
  />,
]
`;

exports[`MoviesCategories Snapshot renders 2`] = `
Array [
  <div
    className="moviesGrid_categories"
  >
    <div
      className="moviesGrid_categories_item"
    >
      <a
        href="/films?sort=Trending"
        onClick={[Function]}
      >
        <button
          className=" moviesGrid_categories_item_button"
          data-filter="Trending"
          onClick={[Function]}
          type="button"
        >
          Trending
        </button>
      </a>
    </div>
    <div
      className="moviesGrid_categories_item"
    >
      <a
        href="/films?sort=Top Rated"
        onClick={[Function]}
      >
        <button
          className="active moviesGrid_categories_item_button"
          data-filter="Top Rated"
          onClick={[Function]}
          type="button"
        >
          Top Rated
        </button>
      </a>
    </div>
    <div
      className="moviesGrid_categories_item"
    >
      <a
        href="/films?sort=Coming Soon"
        onClick={[Function]}
      >
        <button
          className=" moviesGrid_categories_item_button"
          data-filter="Coming Soon"
          onClick={[Function]}
          type="button"
        >
          Coming Soon
        </button>
      </a>
    </div>
    <div
      className="moviesGrid_categories_item"
    >
      <div>
        test
      </div>
    </div>
  </div>,
  <div
    className="underLine"
  />,
]
`;

exports[`MoviesCategories Snapshot renders 3`] = `
Array [
  <div
    className="moviesGrid_categories"
  >
    <div
      className="moviesGrid_categories_item"
    >
      <a
        href="/films?sort=Trending"
        onClick={[Function]}
      >
        <button
          className="active moviesGrid_categories_item_button"
          data-filter="Trending"
          onClick={[Function]}
          type="button"
        >
          Trending
        </button>
      </a>
    </div>
    <div
      className="moviesGrid_categories_item"
    >
      <a
        href="/films?sort=Top Rated"
        onClick={[Function]}
      >
        <button
          className=" moviesGrid_categories_item_button"
          data-filter="Top Rated"
          onClick={[Function]}
          type="button"
        >
          Top Rated
        </button>
      </a>
    </div>
    <div
      className="moviesGrid_categories_item"
    >
      <a
        href="/films?sort=Coming Soon"
        onClick={[Function]}
      >
        <button
          className=" moviesGrid_categories_item_button"
          data-filter="Coming Soon"
          onClick={[Function]}
          type="button"
        >
          Coming Soon
        </button>
      </a>
    </div>
    <div
      className="moviesGrid_categories_item"
    >
      <div>
        test
      </div>
    </div>
  </div>,
  <div
    className="underLine"
  />,
]
`;

exports[`MoviesCategories Snapshot renders 4`] = `
Array [
  <div
    className="moviesGrid_categories"
  >
    <div
      className="moviesGrid_categories_item"
    >
      <a
        href="/films?sort=Trending"
        onClick={[Function]}
      >
        <button
          className=" moviesGrid_categories_item_button"
          data-filter="Trending"
          onClick={[Function]}
          type="button"
        >
          Trending
        </button>
      </a>
    </div>
    <div
      className="moviesGrid_categories_item"
    >
      <a
        href="/films?sort=Top Rated"
        onClick={[Function]}
      >
        <button
          className=" moviesGrid_categories_item_button"
          data-filter="Top Rated"
          onClick={[Function]}
          type="button"
        >
          Top Rated
        </button>
      </a>
    </div>
    <div
      className="moviesGrid_categories_item"
    >
      <a
        href="/films?sort=Coming Soon"
        onClick={[Function]}
      >
        <button
          className=" moviesGrid_categories_item_button"
          data-filter="Coming Soon"
          onClick={[Function]}
          type="button"
        >
          Coming Soon
        </button>
      </a>
    </div>
    <div
      className="moviesGrid_categories_item"
    >
      <div>
        test
      </div>
    </div>
  </div>,
  <div
    className="underLine"
  />,
]
`;

exports[`MoviesCategories Snapshot renders 5`] = `
Array [
  <div
    className="moviesGrid_categories"
  >
    <div
      className="moviesGrid_categories_item"
    >
      <a
        href="/films?sort=Trending"
        onClick={[Function]}
      >
        <button
          className="active moviesGrid_categories_item_button"
          data-filter="Trending"
          onClick={[Function]}
          type="button"
        >
          Trending
        </button>
      </a>
    </div>
    <div
      className="moviesGrid_categories_item"
    >
      <a
        href="/films?sort=Top Rated"
        onClick={[Function]}
      >
        <button
          className=" moviesGrid_categories_item_button"
          data-filter="Top Rated"
          onClick={[Function]}
          type="button"
        >
          Top Rated
        </button>
      </a>
    </div>
    <div
      className="moviesGrid_categories_item"
    >
      <a
        href="/films?sort=Coming Soon"
        onClick={[Function]}
      >
        <button
          className=" moviesGrid_categories_item_button"
          data-filter="Coming Soon"
          onClick={[Function]}
          type="button"
        >
          Coming Soon
        </button>
      </a>
    </div>
    <div
      className="moviesGrid_categories_item"
    >
      <div>
        test
      </div>
    </div>
  </div>,
  <div
    className="underLine"
  />,
]
`;

exports[`MoviesCategories Snapshot renders 6`] = `
Array [
  <div
    className="moviesGrid_categories"
  >
    <div
      className="moviesGrid_categories_item"
    >
      <a
        href="/films?sort=Trending"
        onClick={[Function]}
      >
        <button
          className=" moviesGrid_categories_item_button"
          data-filter="Trending"
          onClick={[Function]}
          type="button"
        >
          Trending
        </button>
      </a>
    </div>
    <div
      className="moviesGrid_categories_item"
    >
      <a
        href="/films?sort=Top Rated"
        onClick={[Function]}
      >
        <button
          className="active moviesGrid_categories_item_button"
          data-filter="Top Rated"
          onClick={[Function]}
          type="button"
        >
          Top Rated
        </button>
      </a>
    </div>
    <div
      className="moviesGrid_categories_item"
    >
      <a
        href="/films?sort=Coming Soon"
        onClick={[Function]}
      >
        <button
          className=" moviesGrid_categories_item_button"
          data-filter="Coming Soon"
          onClick={[Function]}
          type="button"
        >
          Coming Soon
        </button>
      </a>
    </div>
    <div
      className="moviesGrid_categories_item"
    >
      <div>
        test
      </div>
    </div>
  </div>,
  <div
    className="underLine"
  />,
]
`;

exports[`MoviesCategories Snapshot renders 7`] = `
Array [
  <div
    className="moviesGrid_categories"
  >
    <div
      className="moviesGrid_categories_item"
    >
      <a
        href="/films?sort=Trending"
        onClick={[Function]}
      >
        <button
          className="active moviesGrid_categories_item_button"
          data-filter="Trending"
          onClick={[Function]}
          type="button"
        >
          Trending
        </button>
      </a>
    </div>
    <div
      className="moviesGrid_categories_item"
    >
      <a
        href="/films?sort=Top Rated"
        onClick={[Function]}
      >
        <button
          className=" moviesGrid_categories_item_button"
          data-filter="Top Rated"
          onClick={[Function]}
          type="button"
        >
          Top Rated
        </button>
      </a>
    </div>
    <div
      className="moviesGrid_categories_item"
    >
      <a
        href="/films?sort=Coming Soon"
        onClick={[Function]}
      >
        <button
          className=" moviesGrid_categories_item_button"
          data-filter="Coming Soon"
          onClick={[Function]}
          type="button"
        >
          Coming Soon
        </button>
      </a>
    </div>
    <div
      className="moviesGrid_categories_item"
    >
      <div>
        test
      </div>
    </div>
  </div>,
  <div
    className="underLine"
  />,
]
`;

exports[`MoviesCategories Snapshot renders 8`] = `
Array [
  <div
    className="moviesGrid_categories"
  >
    <div
      className="moviesGrid_categories_item"
    >
      <a
        href="/films?sort=Trending"
        onClick={[Function]}
      >
        <button
          className=" moviesGrid_categories_item_button"
          data-filter="Trending"
          onClick={[Function]}
          type="button"
        >
          Trending
        </button>
      </a>
    </div>
    <div
      className="moviesGrid_categories_item"
    >
      <a
        href="/films?sort=Top Rated"
        onClick={[Function]}
      >
        <button
          className=" moviesGrid_categories_item_button"
          data-filter="Top Rated"
          onClick={[Function]}
          type="button"
        >
          Top Rated
        </button>
      </a>
    </div>
    <div
      className="moviesGrid_categories_item"
    >
      <a
        href="/films?sort=Coming Soon"
        onClick={[Function]}
      >
        <button
          className="active moviesGrid_categories_item_button"
          data-filter="Coming Soon"
          onClick={[Function]}
          type="button"
        >
          Coming Soon
        </button>
      </a>
    </div>
    <div
      className="moviesGrid_categories_item"
    >
      <div>
        test
      </div>
    </div>
  </div>,
  <div
    className="underLine"
  />,
]
`;

exports[`MoviesCategories Snapshot renders 9`] = `
Array [
  <div
    className="moviesGrid_categories"
  >
    <div
      className="moviesGrid_categories_item"
    >
      <a
        href="/films?sort=Trending"
        onClick={[Function]}
      >
        <button
          className="active moviesGrid_categories_item_button"
          data-filter="Trending"
          onClick={[Function]}
          type="button"
        >
          Trending
        </button>
      </a>
    </div>
    <div
      className="moviesGrid_categories_item"
    >
      <a
        href="/films?sort=Top Rated"
        onClick={[Function]}
      >
        <button
          className=" moviesGrid_categories_item_button"
          data-filter="Top Rated"
          onClick={[Function]}
          type="button"
        >
          Top Rated
        </button>
      </a>
    </div>
    <div
      className="moviesGrid_categories_item"
    >
      <a
        href="/films?sort=Coming Soon"
        onClick={[Function]}
      >
        <button
          className=" moviesGrid_categories_item_button"
          data-filter="Coming Soon"
          onClick={[Function]}
          type="button"
        >
          Coming Soon
        </button>
      </a>
    </div>
    <div
      className="moviesGrid_categories_item"
    >
      <div>
        test
      </div>
    </div>
  </div>,
  <div
    className="underLine"
  />,
]
`;

exports[`MoviesCategories Snapshot renders 10`] = `
Array [
  <div
    className="moviesGrid_categories"
  >
    <div
      className="moviesGrid_categories_item"
    >
      <a
        href="/films?sort=Trending"
        onClick={[Function]}
      >
        <button
          className=" moviesGrid_categories_item_button"
          data-filter="Trending"
          onClick={[Function]}
          type="button"
        >
          Trending
        </button>
      </a>
    </div>
    <div
      className="moviesGrid_categories_item"
    >
      <a
        href="/films?sort=Top Rated"
        onClick={[Function]}
      >
        <button
          className=" moviesGrid_categories_item_button"
          data-filter="Top Rated"
          onClick={[Function]}
          type="button"
        >
          Top Rated
        </button>
      </a>
    </div>
    <div
      className="moviesGrid_categories_item"
    >
      <a
        href="/films?sort=Coming Soon"
        onClick={[Function]}
      >
        <button
          className=" moviesGrid_categories_item_button"
          data-filter="Coming Soon"
          onClick={[Function]}
          type="button"
        >
          Coming Soon
        </button>
      </a>
    </div>
    <div
      className="moviesGrid_categories_item"
    >
      <div>
        test
      </div>
    </div>
  </div>,
  <div
    className="underLine"
  />,
]
`;

exports[`MoviesCategories Snapshot renders 11`] = `
Array [
  <div
    className="moviesGrid_categories"
  >
    <div
      className="moviesGrid_categories_item"
    >
      <a
        href="/films?sort=Trending"
        onClick={[Function]}
      >
        <button
          className="active moviesGrid_categories_item_button"
          data-filter="Trending"
          onClick={[Function]}
          type="button"
        >
          Trending
        </button>
      </a>
    </div>
    <div
      className="moviesGrid_categories_item"
    >
      <a
        href="/films?sort=Top Rated"
        onClick={[Function]}
      >
        <button
          className=" moviesGrid_categories_item_button"
          data-filter="Top Rated"
          onClick={[Function]}
          type="button"
        >
          Top Rated
        </button>
      </a>
    </div>
    <div
      className="moviesGrid_categories_item"
    >
      <a
        href="/films?sort=Coming Soon"
        onClick={[Function]}
      >
        <button
          className=" moviesGrid_categories_item_button"
          data-filter="Coming Soon"
          onClick={[Function]}
          type="button"
        >
          Coming Soon
        </button>
      </a>
    </div>
    <div
      className="moviesGrid_categories_item"
    >
      <div>
        test
      </div>
    </div>
  </div>,
  <div
    className="underLine"
  />,
]
`;

exports[`MoviesCategories Snapshot renders categories 1`] = `
Array [
  <div
    className="moviesGrid_categories"
  >
    <div
      className="moviesGrid_categories_item"
    >
      <a
        href="/films?sort=Trending"
        onClick={[Function]}
      >
        <button
          className=" moviesGrid_categories_item_button"
          data-filter="Trending"
          onClick={[Function]}
          type="button"
        >
          Trending
        </button>
      </a>
    </div>
    <div
      className="moviesGrid_categories_item"
    >
      <a
        href="/films?sort=Top Rated"
        onClick={[Function]}
      >
        <button
          className=" moviesGrid_categories_item_button"
          data-filter="Top Rated"
          onClick={[Function]}
          type="button"
        >
          Top Rated
        </button>
      </a>
    </div>
    <div
      className="moviesGrid_categories_item"
    >
      <a
        href="/films?sort=Coming Soon"
        onClick={[Function]}
      >
        <button
          className="active moviesGrid_categories_item_button"
          data-filter="Coming Soon"
          onClick={[Function]}
          type="button"
        >
          Coming Soon
        </button>
      </a>
    </div>
    <div
      className="moviesGrid_categories_item"
    >
      <div>
        test
      </div>
    </div>
  </div>,
  <div
    className="underLine"
  />,
]
`;

exports[`MoviesCategories Snapshot renders genres 1`] = `
Array [
  <div
    className="moviesGrid_categories"
  >
    <div
      className="moviesGrid_categories_item"
    >
      <a
        href="/films?sort=Trending"
        onClick={[Function]}
      >
        <button
          className="active moviesGrid_categories_item_button"
          data-filter="Trending"
          onClick={[Function]}
          type="button"
        >
          Trending
        </button>
      </a>
    </div>
    <div
      className="moviesGrid_categories_item"
    >
      <a
        href="/films?sort=Top Rated"
        onClick={[Function]}
      >
        <button
          className=" moviesGrid_categories_item_button"
          data-filter="Top Rated"
          onClick={[Function]}
          type="button"
        >
          Top Rated
        </button>
      </a>
    </div>
    <div
      className="moviesGrid_categories_item"
    >
      <a
        href="/films?sort=Coming Soon"
        onClick={[Function]}
      >
        <button
          className=" moviesGrid_categories_item_button"
          data-filter="Coming Soon"
          onClick={[Function]}
          type="button"
        >
          Coming Soon
        </button>
      </a>
    </div>
    <div
      className="moviesGrid_categories_item"
    >
      <div>
        test
      </div>
    </div>
  </div>,
  <div
    className="underLine"
  />,
]
`;
