// Jest Snapshot v1, https://goo.gl/fbAQLP

exports[`MoviesCategories Snapshot renders 1`] = `<withRouter(Connect(MoviesCategories)) />`;

exports[`MoviesCategories Snapshot renders categories 1`] = `
Array [
  <div
    className="moviesGrid_categories_item"
  >
    <button
      className="moviesGrid_categories_item_button"
      data-filter="Trending"
      onClick={[Function]}
      type="button"
    >
      Trending
    </button>
  </div>,
  <div
    className="moviesGrid_categories_item"
  >
    <button
      className="moviesGrid_categories_item_button"
      data-filter="Top Rated"
      onClick={[Function]}
      type="button"
    >
      Top Rated
    </button>
  </div>,
  <div
    className="moviesGrid_categories_item"
  >
    <button
      className="active moviesGrid_categories_item_button"
      data-filter="Coming Soon"
      onClick={[Function]}
      type="button"
    >
      Coming Soon
    </button>
  </div>,
  <div
    className="moviesGrid_categories_item"
  >
    <div>
      test
    </div>
  </div>,
]
`;

exports[`MoviesCategories Snapshot renders genres 1`] = `
Array [
  <div
    className="moviesGrid_categories_item"
  >
    <button
      className="active moviesGrid_categories_item_button"
      data-filter="Trending"
      onClick={[Function]}
      type="button"
    >
      Trending
    </button>
  </div>,
  <div
    className="moviesGrid_categories_item"
  >
    <button
      className="moviesGrid_categories_item_button"
      data-filter="Top Rated"
      onClick={[Function]}
      type="button"
    >
      Top Rated
    </button>
  </div>,
  <div
    className="moviesGrid_categories_item"
  >
    <button
      className="moviesGrid_categories_item_button"
      data-filter="Coming Soon"
      onClick={[Function]}
      type="button"
    >
      Coming Soon
    </button>
  </div>,
  <div
    className="moviesGrid_categories_item"
  >
    <div>
      test
    </div>
  </div>,
]
`;
