// Jest Snapshot v1, https://goo.gl/fbAQLP

exports[`Header render correctly  1`] = `
<Route>
  [Function]
</Route>
`;

exports[`Header render correctly  2`] = `
<Route>
  [Function]
</Route>
`;

exports[`Header render correctly if film empty  1`] = `
<Route>
  [Function]
</Route>
`;

exports[`Header render correctly if film empty  2`] = `
<Route>
  [Function]
</Route>
`;
