// Jest Snapshot v1, https://goo.gl/fbAQLP

exports[`MovieRate renders correctly 1`] = `
<div
  className="bottom_left_filmRate"
>
  <div
    className="bottom_left_filmRate_stars_outer"
  >
    <div
      className="bottom_left_filmRate_stars_outer_stars_inner"
      id="rate"
      style={
        Object {
          "width": "48.99999999999999%",
        }
      }
    />
  </div>
  <div
    className="bottom_left_filmRate_number"
  >
    <span>
      4.8
    </span>
  </div>
</div>
`;
