// Jest Snapshot v1, https://goo.gl/fbAQLP

exports[`MovieDescription renders correctly 1`] = `
<div
  className="full_description"
>
  <span
    className="full_description_filmName"
  >
    THE JUNGLE BOOK
  </span>
  <div
    className="full_description_filmDescr"
  >
    <span
      className="full_description_filmDescr_item"
    >
      Adventure
    </span>
    <span
      className="full_description_filmDescr_item"
    >
       Drama
    </span>
    <span
      className="full_description_filmDescr_item"
    >
       Family
    </span>
    <span
      className="full_description_filmDescr_item"
    >
       Fantasy
    </span>
    <span
      className="full_description_filmDescr_item"
    >
       |
    </span>
    <span
      className="full_description_filmDescr_item"
    >
       1h 46m
    </span>
  </div>
</div>
`;
