// Jest Snapshot v1, https://goo.gl/fbAQLP

exports[`MovieDescription renders correctly 1`] = `
<div
  className="full_description"
>
  <span
    className="full_description_filmName"
  >
    name
  </span>
  <div
    className="full_description_filmDescr"
  >
    <span
      className="full_description_filmDescr_item"
    />
    <span
      className="full_description_filmDescr_item"
    />
    <span
      className="full_description_filmDescr_item"
    />
    <span
      className="full_description_filmDescr_item"
    >
      |
    </span>
    <span
      className="full_description_filmDescr_item"
    >
      NaNh NaNm
    </span>
  </div>
</div>
`;
